1 first we need to get free liences for synfusion Ui desgin from its websites
2 babel error 
for cloudflare domain
